attacking 38 cells

cell                          best thr   shadow    conf entropy   loss
----------------------------------------------------------------------------
citeseer_control_whole          0.5619   0.6103   0.498   0.502  0.558
citeseer_fgc_r0.05              0.5087   0.5001   0.508   0.509  0.503
citeseer_fgc_r0.1               0.5070   0.5035   0.506   0.507  0.506
citeseer_fgc_r0.3               0.5302   0.5311   0.529   0.530  0.513
citeseer_gcond_r0.013           0.5048   0.5149   0.505   0.504  0.497
citeseer_gcond_r0.026           0.5014   0.5085   0.488   0.489  0.496
citeseer_gcond_r0.052           0.5131   0.5019   0.513   0.511  0.500
citeseer_goren_r0.3_bl          0.5530   0.5577   0.523   0.525  0.553
citeseer_goren_r0.3_goren       0.5569   0.5671   0.530   0.532  0.557
citeseer_goren_r0.5_bl          0.5526   0.5085   0.546   0.548  0.553
citeseer_goren_r0.5_goren       0.5567   0.5025   0.549   0.551  0.557
citeseer_goren_r0.7_bl          0.5478   0.4961   0.548   0.548  0.543
citeseer_goren_r0.7_goren       0.5529   0.5107   0.553   0.553  0.548
citeseer_kron_r0.3              0.5452   0.5403   0.510   0.512  0.543
citeseer_kron_r0.5              0.5377   0.5331   0.521   0.521  0.538
citeseer_kron_r0.7              0.5209   0.4883   0.507   0.507  0.521
citeseer_ugc_r0.3               0.5453   0.5406   0.514   0.517  0.545
citeseer_ugc_r0.5               0.5180   0.5063   0.508   0.509  0.518
citeseer_ugc_r0.7               0.5177   0.4877   0.514   0.515  0.518
cora_control_whole              0.5375   0.5430   0.505   0.506  0.519
cora_fgc_r0.05                  0.5113   0.4966   0.498   0.496  0.510
cora_fgc_r0.1                   0.5256   0.4946   0.500   0.501  0.514
cora_fgc_r0.3                   0.5230   0.5227   0.513   0.515  0.520
cora_gcond_r0.013               0.4859   0.5168   0.482   0.483  0.482
cora_gcond_r0.026               0.4880   0.5100   0.468   0.470  0.479
cora_gcond_r0.052               0.4857   0.5046   0.481   0.480  0.483
cora_goren_r0.3_bl              0.5246   0.5255   0.512   0.512  0.522
cora_goren_r0.3_goren           0.5363   0.5379   0.530   0.531  0.536
cora_goren_r0.5_bl              0.5109   0.5058   0.503   0.504  0.502
cora_goren_r0.5_goren           0.5167   0.5110   0.517   0.517  0.515
cora_goren_r0.7_bl              0.5152   0.5061   0.513   0.514  0.515
cora_goren_r0.7_goren           0.5192   0.5098   0.519   0.519  0.516
cora_kron_r0.3                  0.5336   0.5200   0.514   0.514  0.524
cora_kron_r0.5                  0.5275   0.5315   0.511   0.512  0.521
cora_kron_r0.7                  0.5125   0.5033   0.512   0.513  0.512
cora_ugc_r0.3                   0.5239   0.5078   0.515   0.515  0.520
cora_ugc_r0.5                   0.5136   0.4995   0.491   0.491  0.494
cora_ugc_r0.7                   0.5075   0.4916   0.498   0.498  0.501

[manifest] recorded step step04_attack: Ran threshold + cross-dataset shadow membership attacks against 38 cells, 3 seeds each

attacked 38 cells
